{"batch": 4, "group_unroll": 4, "k_unroll": 16, "threads": 64, "times_us": [76.76617824190384, 75.24696002762583], "stages_us": [41.53257888582994, 2.856152155499518, 26.642534033357155, 2.6288595089165634], "max_error": 0.0, "rel_l2": 0.0}
{"batch": 4, "group_unroll": 4, "k_unroll": 16, "threads": 128, "times_us": [74.07284593688829, 74.0329912888067], "stages_us": [41.38252177363597, 2.721035251417928, 26.096367625008643, 2.4698034132654825], "max_error": 0.0, "rel_l2": 0.0}
{"batch": 4, "group_unroll": 1, "k_unroll": 16, "threads": 64, "times_us": [73.74998223844659, 73.76358020470947], "stages_us": [40.53393502592515, 2.8609648336141977, 27.413429467441937, 2.7013097452906383], "max_error": 0.0, "rel_l2": 0.0}
{"batch": 4, "group_unroll": 1, "k_unroll": 16, "threads": 128, "times_us": [73.50339589269086, 73.51077979719135], "stages_us": [40.343673672296305, 2.720439029514574, 27.33871411210813, 2.452577586771361], "max_error": 0.0, "rel_l2": 0.0}
{"batch": 4, "group_unroll": 1, "k_unroll": 8, "threads": 64, "times_us": [78.25386823645078, 78.31606131333571], "stages_us": [43.00232067208365, 2.8218216553148454, 29.6371584656418, 2.652911623529705], "max_error": 0.0, "rel_l2": 0.0}
{"batch": 4, "group_unroll": 1, "k_unroll": 8, "threads": 128, "times_us": [77.83715522639058, 77.86993687846272], "stages_us": [43.116046088881504, 2.7193755475389016, 29.600473691786185, 2.515967982155936], "max_error": 0.0, "rel_l2": 0.0}
{"batch": 4, "group_unroll": 1, "k_unroll": 4, "threads": 64, "times_us": [80.91038850456745, 80.89684178423666], "stages_us": [45.15364173028844, 2.8654748524139073, 29.903530982232862, 2.6175438330425482], "max_error": 0.0, "rel_l2": 0.0}
{"batch": 4, "group_unroll": 1, "k_unroll": 4, "threads": 128, "times_us": [80.30216342113057, 80.32187323831478], "stages_us": [45.12588091225076, 2.7326415152776806, 29.75070220251425, 2.4693805032071814], "max_error": 0.0, "rel_l2": 0.0}
{"batch": 4, "group_unroll": 1, "k_unroll": 2, "threads": 64, "times_us": [95.16296833317455, 95.19058654667329], "stages_us": [58.05026635275791, 2.807762998121756, 32.02000806957896, 2.663928411061922], "max_error": 0.0, "rel_l2": 0.0}
{"batch": 4, "group_unroll": 1, "k_unroll": 2, "threads": 128, "times_us": [93.51388974623246, 93.49550321883207], "stages_us": [57.47318710106006, 2.713462993832465, 31.612662260599755, 2.4666206509459254], "max_error": 0.0, "rel_l2": 0.0}
{"batch": 4, "group_unroll": 1, "k_unroll": 1, "threads": 64, "times_us": [109.99050076589936, 109.9911846046065], "stages_us": [65.63736450400992, 2.8578348768029973, 39.56162935913151, 2.6866834504263744], "max_error": 0.0, "rel_l2": 0.0}
{"batch": 4, "group_unroll": 1, "k_unroll": 1, "threads": 128, "times_us": [108.44059115687398, 108.44665242914569], "stages_us": [65.00812917333542, 2.7177722052163786, 39.266233669491264, 2.5124491174503474], "max_error": 0.0, "rel_l2": 0.0}
{"batch": 4, "group_unroll": 2, "k_unroll": 4, "threads": 64, "times_us": [86.78034954105044, 86.79711709174167], "stages_us": [50.579217160575496, 2.8568877932567776, 29.88848280778123, 2.695191126251783], "max_error": 0.0, "rel_l2": 0.0}
{"batch": 4, "group_unroll": 2, "k_unroll": 4, "threads": 128, "times_us": [85.78835501549854, 85.78895747816946], "stages_us": [50.269877864822995, 2.7276434444245834, 29.718863343860416, 2.472061170002551], "max_error": 0.0, "rel_l2": 0.0}
{"batch": 4, "group_unroll": 2, "k_unroll": 8, "threads": 64, "times_us": [81.58217267903913, 81.60207065732561], "stages_us": [45.00361416074965, 2.865468978881836, 29.21416342589732, 2.7205973125639415], "max_error": 0.0, "rel_l2": 0.0}
{"batch": 4, "group_unroll": 2, "k_unroll": 8, "threads": 128, "times_us": [81.01184570917309, 81.01068463791759], "stages_us": [45.302685171627495, 2.7266741544904836, 28.960487116056964, 2.498378318525539], "max_error": 0.0, "rel_l2": 0.0}
{"batch": 4, "group_unroll": 4, "k_unroll": 4, "threads": 64, "times_us": [81.21762346396532, 81.1979320731895], "stages_us": [45.171592077000405, 2.863316283209164, 30.02049485204904, 2.70718781153361], "max_error": 0.0, "rel_l2": 0.0}
{"batch": 4, "group_unroll": 4, "k_unroll": 4, "threads": 128, "times_us": [80.11630682144042, 80.11292691938489], "stages_us": [44.93468164348882, 2.673877445232472, 29.68208164844698, 2.46926040713294], "max_error": 0.0, "rel_l2": 0.0}
{"batch": 2, "group_unroll": 4, "k_unroll": 16, "threads": 64, "times_us": [46.35088940056003, 46.33547690243601], "stages_us": [25.04221493021456, 2.1644559020230285, 11.671120104605766, 2.194059160319022], "max_error": 0.0, "rel_l2": 0.0}
{"batch": 2, "group_unroll": 4, "k_unroll": 16, "threads": 128, "times_us": [45.81079244963748, 45.82048923738541], "stages_us": [24.763380229405815, 2.543481102277206, 11.186322174241058, 2.14028289256201], "max_error": 0.0, "rel_l2": 0.0}
{"batch": 2, "group_unroll": 1, "k_unroll": 16, "threads": 64, "times_us": [45.49428649548796, 45.47474987535591], "stages_us": [23.715517259875046, 2.151178608676542, 11.9207627805945, 2.230428304292459], "max_error": 0.0, "rel_l2": 0.0}
{"batch": 2, "group_unroll": 1, "k_unroll": 16, "threads": 128, "times_us": [46.0611928886231, 46.06870868341709], "stages_us": [24.271081753747417, 2.5441955994401866, 11.77917020614833, 2.151136311282099], "max_error": 0.0, "rel_l2": 0.0}
{"batch": 2, "group_unroll": 1, "k_unroll": 8, "threads": 64, "times_us": [47.27410919812261, 47.26433956504306], "stages_us": [24.781575840772575, 2.1539115140923357, 12.799447122776025, 2.2433687913294715], "max_error": 0.0, "rel_l2": 0.0}
{"batch": 2, "group_unroll": 1, "k_unroll": 8, "threads": 128, "times_us": [47.63226404459125, 47.63132162368336], "stages_us": [25.088698433040893, 2.543880180116104, 12.597829364645657, 2.150198145001346], "max_error": 0.0, "rel_l2": 0.0}
{"batch": 2, "group_unroll": 1, "k_unroll": 4, "threads": 64, "times_us": [50.82418257123783, 50.82335239371431], "stages_us": [27.61212197199206, 2.1652206832896876, 13.65542844060674, 2.229153703750271], "max_error": 0.0, "rel_l2": 0.0}
{"batch": 2, "group_unroll": 1, "k_unroll": 4, "threads": 128, "times_us": [51.19178495699317, 51.192217581612724], "stages_us": [27.653436965341143, 2.5444813557187502, 13.370879085487166, 2.1500570694893857], "max_error": 0.0, "rel_l2": 0.0}
{"batch": 2, "group_unroll": 1, "k_unroll": 2, "threads": 64, "times_us": [61.97544217859424, 61.97159708028212], "stages_us": [37.31956603808906, 2.164299091959893, 15.875654316762327, 2.2431491172476994], "max_error": 0.0, "rel_l2": 0.0}
{"batch": 2, "group_unroll": 1, "k_unroll": 2, "threads": 128, "times_us": [61.93376016616821, 61.92031369780983], "stages_us": [37.38397781218431, 2.567164395245843, 15.29453842077143, 2.1514660691561764], "max_error": 0.0, "rel_l2": 0.0}
{"batch": 2, "group_unroll": 1, "k_unroll": 1, "threads": 64, "times_us": [77.83455477278595, 77.84949674185022], "stages_us": [46.25905839372575, 2.1468450836322277, 21.811577746708974, 2.2269587634730255], "max_error": 0.0, "rel_l2": 0.0}
{"batch": 2, "group_unroll": 1, "k_unroll": 1, "threads": 128, "times_us": [77.4073652137917, 77.4110084076409], "stages_us": [45.630291830223946, 2.5678617429216843, 20.729123371403393, 2.1466370534013817], "max_error": 0.0, "rel_l2": 0.0}
{"batch": 2, "group_unroll": 2, "k_unroll": 4, "threads": 64, "times_us": [50.881717995560145, 50.879742581839], "stages_us": [27.549609996421417, 2.150488879393648, 13.680536113836771, 2.241711160040687], "max_error": 0.0, "rel_l2": 0.0}
{"batch": 2, "group_unroll": 2, "k_unroll": 4, "threads": 128, "times_us": [51.218837391246446, 51.217201917044285], "stages_us": [27.61034798343512, 2.5364563019295048, 13.35849863106134, 2.1591824259565113], "max_error": 0.0, "rel_l2": 0.0}
{"batch": 2, "group_unroll": 2, "k_unroll": 8, "threads": 64, "times_us": [47.359586915662206, 47.35498344298778], "stages_us": [24.974924072449397, 2.1525720361554685, 12.46363188313172, 2.227338209312116], "max_error": 0.0, "rel_l2": 0.0}
{"batch": 2, "group_unroll": 2, "k_unroll": 8, "threads": 128, "times_us": [47.683662582454794, 47.68397792953265], "stages_us": [25.086167017371334, 2.5582748257009276, 12.361097003004899, 2.1490282031566843], "max_error": 0.0, "rel_l2": 0.0}
{"batch": 2, "group_unroll": 4, "k_unroll": 4, "threads": 64, "times_us": [50.9543491302327, 50.9526593731156], "stages_us": [27.621625143183262, 2.153485582029944, 13.703137631194071, 2.240784615017278], "max_error": 0.0, "rel_l2": 0.0}
{"batch": 2, "group_unroll": 4, "k_unroll": 4, "threads": 128, "times_us": [51.08643908591621, 51.075674243831415], "stages_us": [27.47641906989869, 2.5473982623193114, 13.350078451743688, 2.1494483786614906], "max_error": 0.0, "rel_l2": 0.0}
{"batch": 1, "group_unroll": 4, "k_unroll": 16, "threads": 64, "times_us": [30.116863094275786, 30.129706903977684], "stages_us": [9.811480199810502, 2.098284232907179, 7.359910763211667, 2.1254353864270894], "max_error": 0.0, "rel_l2": 0.0}
{"batch": 1, "group_unroll": 4, "k_unroll": 16, "threads": 128, "times_us": [31.1091977649119, 31.06926902568873], "stages_us": [10.626299768661116, 2.536209524494328, 7.592479895954567, 2.1004445917196075], "max_error": 0.0, "rel_l2": 0.0}
{"batch": 1, "group_unroll": 1, "k_unroll": 16, "threads": 64, "times_us": [29.655385721584917, 29.666805829863076], "stages_us": [9.603222562574528, 2.1022151310351385, 7.190149122531475, 2.1076782654324253], "max_error": 0.0, "rel_l2": 0.0}
{"batch": 1, "group_unroll": 1, "k_unroll": 16, "threads": 128, "times_us": [30.57182068579261, 30.574132355166153], "stages_us": [9.91464209983416, 2.534498188593616, 7.199337214639741, 2.091765469067717], "max_error": 0.0, "rel_l2": 0.0}
{"batch": 1, "group_unroll": 1, "k_unroll": 8, "threads": 64, "times_us": [31.854290803551883, 31.85927968517388], "stages_us": [11.17223045495714, 2.1027867234421946, 7.707007544153135, 2.118160274122104], "max_error": 0.0, "rel_l2": 0.0}
{"batch": 1, "group_unroll": 1, "k_unroll": 8, "threads": 128, "times_us": [32.12393414204841, 32.073875809312796], "stages_us": [10.893392928725923, 2.536770676913327, 7.766371648923485, 2.092007053109397], "max_error": 0.0, "rel_l2": 0.0}
{"batch": 1, "group_unroll": 1, "k_unroll": 4, "threads": 64, "times_us": [35.04726696496995, 35.06398297202885], "stages_us": [12.678552146849594, 2.104362082807985, 7.8685168671396974, 2.1123928944516], "max_error": 0.0, "rel_l2": 0.0}
{"batch": 1, "group_unroll": 1, "k_unroll": 4, "threads": 128, "times_us": [35.64099826730239, 35.66999783481124], "stages_us": [12.812226901622397, 2.536686466164785, 8.083994898387015, 2.0901946631153074], "max_error": 0.0, "rel_l2": 0.0}
{"batch": 1, "group_unroll": 1, "k_unroll": 2, "threads": 64, "times_us": [44.91606551858396, 44.89378121591383], "stages_us": [17.780572084712198, 2.102060194036602, 9.237628219924826, 2.1123552831466514], "max_error": 0.0, "rel_l2": 0.0}
{"batch": 1, "group_unroll": 1, "k_unroll": 2, "threads": 128, "times_us": [44.58039466370928, 44.59227952985285], "stages_us": [17.683129163075105, 2.5353344932066655, 9.301763456161709, 2.086806468723633], "max_error": 0.0, "rel_l2": 0.0}
{"batch": 1, "group_unroll": 1, "k_unroll": 1, "threads": 64, "times_us": [59.16949502782884, 59.17056818676602], "stages_us": [23.852877840668718, 2.100108368770736, 11.75281510692823, 2.1159489209688322], "max_error": 0.0, "rel_l2": 0.0}
{"batch": 1, "group_unroll": 1, "k_unroll": 1, "threads": 128, "times_us": [58.49616188673103, 58.5259512514352], "stages_us": [24.01091482665134, 2.533600010253765, 12.075072579679237, 2.0888685614511084], "max_error": 0.0, "rel_l2": 0.0}
{"batch": 1, "group_unroll": 2, "k_unroll": 4, "threads": 64, "times_us": [35.39907708110244, 35.36557119061047], "stages_us": [12.695264265725928, 2.1022151310351385, 8.168382296519995, 2.117509844653888], "max_error": 0.0, "rel_l2": 0.0}
{"batch": 1, "group_unroll": 2, "k_unroll": 4, "threads": 128, "times_us": [35.876441742555386, 35.8625431035945], "stages_us": [12.790044369520965, 2.5331354261010244, 8.312460871800461, 2.0965953282215404], "max_error": 0.0, "rel_l2": 0.0}
{"batch": 1, "group_unroll": 2, "k_unroll": 8, "threads": 64, "times_us": [31.884972716290253, 31.919109357702396], "stages_us": [11.283763473068776, 2.101243437251464, 7.313183436605341, 2.111930879688832], "max_error": 0.0, "rel_l2": 0.0}
{"batch": 1, "group_unroll": 2, "k_unroll": 8, "threads": 128, "times_us": [32.45678192798935, 32.42410232949891], "stages_us": [10.90948468550053, 2.5396741438689765, 7.574836791507781, 2.0879624680875137], "max_error": 0.0, "rel_l2": 0.0}
{"batch": 1, "group_unroll": 4, "k_unroll": 4, "threads": 64, "times_us": [35.786460289105115, 35.768784528003316], "stages_us": [12.791013922772025, 2.1023281733737003, 8.189688898898936, 2.1167858380132016], "max_error": 0.0, "rel_l2": 0.0}
{"batch": 1, "group_unroll": 4, "k_unroll": 4, "threads": 128, "times_us": [35.921439457394555, 35.89439345436392], "stages_us": [12.654044992125902, 2.536826747737519, 8.250999241659086, 2.0983223006838845], "max_error": 0.0, "rel_l2": 0.0}
