{
  "baseline_failures": [
    "ocr"
  ],
  "all_ground_truth_checks_passed": false,
  "regression_gate_passed": true,
  "text_throughput_recheck": [
    {
      "input_len": 1000,
      "previous_host_decode_tok_s": 116.80851479612993,
      "docker_decode_tok_s": 116.62080137037347,
      "change_percent": -0.1607018341805655,
      "no_regression_over_five_percent": true
    },
    {
      "input_len": 25000,
      "previous_host_decode_tok_s": 117.85893426067821,
      "docker_decode_tok_s": 119.74002098679694,
      "change_percent": 1.596049326186999,
      "no_regression_over_five_percent": true
    }
  ]
}
